// Jest Snapshot v1, https://goo.gl/fbAQLP

exports[`renders correctly 1`] = `
<section
  className="rockets-container"
>
  <ul
    className="rockets-list"
    data-testid="rocket-list"
  />
</section>
`;
