// Jest Snapshot v1, https://goo.gl/fbAQLP

exports[`Testing Profile and Mission Components Testing MissionContainer components 1`] = `
Object {
  "asFragment": [Function],
  "baseElement": <body>
    <div>
      <div
        class="mission-container my-3"
      >
        <table
          class="table table-sm table-striped table-bordered table-hover"
        >
          <thead>
            <tr>
              <th>
                Missions
              </th>
              <th>
                Description
              </th>
              <th>
                Status
              </th>
              <th>
                 
              </th>
            </tr>
          </thead>
          <tbody />
        </table>
      </div>
    </div>
  </body>,
  "container": <div>
    <div
      class="mission-container my-3"
    >
      <table
        class="table table-sm table-striped table-bordered table-hover"
      >
        <thead>
          <tr>
            <th>
              Missions
            </th>
            <th>
              Description
            </th>
            <th>
              Status
            </th>
            <th>
               
            </th>
          </tr>
        </thead>
        <tbody />
      </table>
    </div>
  </div>,
  "debug": [Function],
  "findAllByAltText": [Function],
  "findAllByDisplayValue": [Function],
  "findAllByLabelText": [Function],
  "findAllByPlaceholderText": [Function],
  "findAllByRole": [Function],
  "findAllByTestId": [Function],
  "findAllByText": [Function],
  "findAllByTitle": [Function],
  "findByAltText": [Function],
  "findByDisplayValue": [Function],
  "findByLabelText": [Function],
  "findByPlaceholderText": [Function],
  "findByRole": [Function],
  "findByTestId": [Function],
  "findByText": [Function],
  "findByTitle": [Function],
  "getAllByAltText": [Function],
  "getAllByDisplayValue": [Function],
  "getAllByLabelText": [Function],
  "getAllByPlaceholderText": [Function],
  "getAllByRole": [Function],
  "getAllByTestId": [Function],
  "getAllByText": [Function],
  "getAllByTitle": [Function],
  "getByAltText": [Function],
  "getByDisplayValue": [Function],
  "getByLabelText": [Function],
  "getByPlaceholderText": [Function],
  "getByRole": [Function],
  "getByTestId": [Function],
  "getByText": [Function],
  "getByTitle": [Function],
  "queryAllByAltText": [Function],
  "queryAllByDisplayValue": [Function],
  "queryAllByLabelText": [Function],
  "queryAllByPlaceholderText": [Function],
  "queryAllByRole": [Function],
  "queryAllByTestId": [Function],
  "queryAllByText": [Function],
  "queryAllByTitle": [Function],
  "queryByAltText": [Function],
  "queryByDisplayValue": [Function],
  "queryByLabelText": [Function],
  "queryByPlaceholderText": [Function],
  "queryByRole": [Function],
  "queryByTestId": [Function],
  "queryByText": [Function],
  "queryByTitle": [Function],
  "rerender": [Function],
  "unmount": [Function],
}
`;

exports[`Testing Profile and Mission Components Testing MissionContainer components 2`] = `
Object {
  "asFragment": [Function],
  "baseElement": <body>
    <div>
      <div
        class="profile-container"
      >
        <div
          class="my-missions"
        >
          <div
            class="header-text"
          >
            <h2>
              My Missions
            </h2>
          </div>
          <table
            class="mission-table"
          >
            <tbody
              class="mission-tbody"
            >
              <tr>
                <td>
                  You have not joined any mission.
                </td>
              </tr>
            </tbody>
          </table>
        </div>
        <div
          class="my-rockets"
        >
          <div
            class="header-text"
          >
            <h2>
              My Rockets
            </h2>
          </div>
          <table
            class="rockets-table"
          >
            <tbody>
              <tr>
                <td>
                  You have not reserved any rocket.
                </td>
              </tr>
            </tbody>
          </table>
        </div>
      </div>
    </div>
  </body>,
  "container": <div>
    <div
      class="profile-container"
    >
      <div
        class="my-missions"
      >
        <div
          class="header-text"
        >
          <h2>
            My Missions
          </h2>
        </div>
        <table
          class="mission-table"
        >
          <tbody
            class="mission-tbody"
          >
            <tr>
              <td>
                You have not joined any mission.
              </td>
            </tr>
          </tbody>
        </table>
      </div>
      <div
        class="my-rockets"
      >
        <div
          class="header-text"
        >
          <h2>
            My Rockets
          </h2>
        </div>
        <table
          class="rockets-table"
        >
          <tbody>
            <tr>
              <td>
                You have not reserved any rocket.
              </td>
            </tr>
          </tbody>
        </table>
      </div>
    </div>
  </div>,
  "debug": [Function],
  "findAllByAltText": [Function],
  "findAllByDisplayValue": [Function],
  "findAllByLabelText": [Function],
  "findAllByPlaceholderText": [Function],
  "findAllByRole": [Function],
  "findAllByTestId": [Function],
  "findAllByText": [Function],
  "findAllByTitle": [Function],
  "findByAltText": [Function],
  "findByDisplayValue": [Function],
  "findByLabelText": [Function],
  "findByPlaceholderText": [Function],
  "findByRole": [Function],
  "findByTestId": [Function],
  "findByText": [Function],
  "findByTitle": [Function],
  "getAllByAltText": [Function],
  "getAllByDisplayValue": [Function],
  "getAllByLabelText": [Function],
  "getAllByPlaceholderText": [Function],
  "getAllByRole": [Function],
  "getAllByTestId": [Function],
  "getAllByText": [Function],
  "getAllByTitle": [Function],
  "getByAltText": [Function],
  "getByDisplayValue": [Function],
  "getByLabelText": [Function],
  "getByPlaceholderText": [Function],
  "getByRole": [Function],
  "getByTestId": [Function],
  "getByText": [Function],
  "getByTitle": [Function],
  "queryAllByAltText": [Function],
  "queryAllByDisplayValue": [Function],
  "queryAllByLabelText": [Function],
  "queryAllByPlaceholderText": [Function],
  "queryAllByRole": [Function],
  "queryAllByTestId": [Function],
  "queryAllByText": [Function],
  "queryAllByTitle": [Function],
  "queryByAltText": [Function],
  "queryByDisplayValue": [Function],
  "queryByLabelText": [Function],
  "queryByPlaceholderText": [Function],
  "queryByRole": [Function],
  "queryByTestId": [Function],
  "queryByText": [Function],
  "queryByTitle": [Function],
  "rerender": [Function],
  "unmount": [Function],
}
`;
